******************************************************************************
                  TI ARM Linker PC v18.12.4                    
******************************************************************************
>> Linked Fri Apr 17 21:05:24 2020

OUTPUT FILE NAME:   <Homework4_Starter.out>
ENTRY POINT SYMBOL: "_c_int00_noargs"  address: 000006a9


MEMORY CONFIGURATION

         name            origin    length      used     unused   attr    fill
----------------------  --------  ---------  --------  --------  ----  --------
  MAIN                  00000000   00040000  000008bc  0003f744  R  X
  INFO                  00200000   00004000  00000000  00004000  R  X
  SRAM_CODE             01000000   00010000  00000201  0000fdff  RW X
  SRAM_DATA             20000000   00010000  00000201  0000fdff  RW  


SEGMENT ALLOCATION MAP

run origin  load origin   length   init length attrs members
----------  ----------- ---------- ----------- ----- -------
00000000    00000000    000008c0   000008c0    r-x
  00000000    00000000    000000e4   000000e4    r-- .intvecs
  000000e4    000000e4    00000768   00000768    r-x .text
  0000084c    0000084c    00000058   00000058    r-- .const
  000008a8    000008a8    00000018   00000018    r-- .cinit
20000000    20000000    00000001   00000000    rw-
  20000000    20000000    00000001   00000000    rw- .data
2000fe00    2000fe00    00000200   00000000    rw-
  2000fe00    2000fe00    00000200   00000000    rw- .stack


SECTION ALLOCATION MAP

 output                                  attributes/
section   page    origin      length       input sections
--------  ----  ----------  ----------   ----------------
.intvecs   0    00000000    000000e4     
                  00000000    000000e4     startup_msp432p401r_ccs.obj (.intvecs:retain)

.text      0    000000e4    00000768     
                  000000e4    0000011c     msp432p4xx_driverlib.lib : uart.o (.text:UART_initModule)
                  00000200    000000dc     homework4.obj (.text:main)
                  000002dc    000000c8     homework4.obj (.text:charFSM)
                  000003a4    0000009c     rtsv7M4_T_le_v4SPD16_eabi.lib : memcpy_t2.asm.obj (.text)
                  00000440    00000088     msp432p4xx_driverlib.lib : gpio.o (.text:GPIO_setAsPeripheralModuleFunctionInputPin)
                  000004c8    00000088                              : gpio.o (.text:GPIO_setAsPeripheralModuleFunctionOutputPin)
                  00000550    00000078     system_msp432p401r.obj (.text:SystemInit)
                  000005c8    00000068     rtsv7M4_T_le_v4SPD16_eabi.lib : copy_decompress_lzss.c.obj (.text:decompress:lzss:__TI_decompress_lzss)
                  00000630    00000044                                   : autoinit.c.obj (.text:__TI_auto_init_nobinit_nopinit:__TI_auto_init_nobinit_nopinit)
                  00000674    00000034     msp432p4xx_driverlib.lib : uart.o (.text:UART_transmitData)
                  000006a8    00000034     rtsv7M4_T_le_v4SPD16_eabi.lib : boot_cortex_m.c.obj (.text:_c_int00_noargs:_c_int00_noargs)
                  000006dc    00000032     homework4.obj (.text:UARTPutChar)
                  0000070e    00000002     startup_msp432p401r_ccs.obj (.text:Default_Handler)
                  00000710    00000030     msp432p4xx_driverlib.lib : uart.o (.text:UART_receiveData)
                  00000740    0000002c     homework4.obj (.text:UARTGetChar)
                  0000076c    0000002a     homework4.obj (.text:UARTSetup)
                  00000796    00000002     --HOLE-- [fill = 0]
                  00000798    00000024     msp432p4xx_driverlib.lib : wdt_a.o (.text:WDT_A_holdTimer)
                  000007bc    0000001c     homework4.obj (.text:UARTCanSend)
                  000007d8    0000001c     homework4.obj (.text:UARTHasChar)
                  000007f4    00000018     msp432p4xx_driverlib.lib : uart.o (.text:UART_getInterruptStatus)
                  0000080c    00000016                              : uart.o (.text:UART_enableModule)
                  00000822    0000000e     rtsv7M4_T_le_v4SPD16_eabi.lib : copy_decompress_none.c.obj (.text:decompress:none:__TI_decompress_none)
                  00000830    0000000c     startup_msp432p401r_ccs.obj (.text:Reset_Handler)
                  0000083c    00000008     homework4.obj (.text:initBoard)
                  00000844    00000004     rtsv7M4_T_le_v4SPD16_eabi.lib : pre_init.c.obj (.text:_system_pre_init)
                  00000848    00000004                                   : exit.c.obj (.text:abort:abort)

.const     0    0000084c    00000058     
                  0000084c    00000030     msp432p4xx_driverlib.lib : gpio.o (.const:GPIO_PORT_TO_BASE)
                  0000087c    00000028     homework4.obj (.const:$P$T0$1)

.cinit     0    000008a8    00000018     
                  000008a8    00000008     (__TI_handler_table)
                  000008b0    00000005     (.cinit..data.load) [load image, compression = lzss]
                  000008b5    00000003     --HOLE-- [fill = 0]
                  000008b8    00000008     (__TI_cinit_table)

.init_array 
*          0    00000000    00000000     UNINITIALIZED

.binit     0    00000000    00000000     

.data      0    20000000    00000001     UNINITIALIZED
                  20000000    00000001     homework4.obj (.data)

.stack     0    2000fe00    00000200     UNINITIALIZED
                  2000fe00    00000004     rtsv7M4_T_le_v4SPD16_eabi.lib : boot_cortex_m.c.obj (.stack)
                  2000fe04    000001fc     --HOLE--

MODULE SUMMARY

       Module                        code   ro data   rw data
       ------                        ----   -------   -------
    .\
       homework4.obj                 620    40        2      
       system_msp432p401r.obj        120    0         0      
    +--+-----------------------------+------+---------+---------+
       Total:                        740    40        2      
                                                             
    .\ccs\
       startup_msp432p401r_ccs.obj   14     228       0      
    +--+-----------------------------+------+---------+---------+
       Total:                        14     228       0      
                                                             
    C:/Users/Ray/simplelink_msp432p4_sdk_3_40_01_02/source/ti/devices/msp432p4xx/driverlib/ccs/msp432p4xx_driverlib.lib
       uart.o                        430    0         0      
       gpio.o                        272    48        0      
       wdt_a.o                       36     0         0      
    +--+-----------------------------+------+---------+---------+
       Total:                        738    48        0      
                                                             
    C:\Users\Ray\ccs\tools\compiler\ti-cgt-arm_18.12.4.LTS\lib\rtsv7M4_T_le_v4SPD16_eabi.lib
       memcpy_t2.asm.obj             156    0         0      
       copy_decompress_lzss.c.obj    104    0         0      
       autoinit.c.obj                68     0         0      
       boot_cortex_m.c.obj           52     0         0      
       copy_decompress_none.c.obj    14     0         0      
       exit.c.obj                    4      0         0      
       pre_init.c.obj                4      0         0      
    +--+-----------------------------+------+---------+---------+
       Total:                        402    0         0      
                                                             
       Stack:                        0      0         1024   
       Linker Generated:             0      21        0      
    +--+-----------------------------+------+---------+---------+
       Grand Total:                  1894   337       1026   


LINKER GENERATED COPY TABLES

__TI_cinit_table @ 000008b8 records: 1, size/record: 8, table size: 8
	.data: load addr=000008b0, load size=00000005 bytes, run addr=20000000, run size=00000001 bytes, compression=lzss


LINKER GENERATED HANDLER TABLE

__TI_handler_table @ 000008a8 records: 2, size/record: 4, table size: 8
	index: 0, handler: __TI_decompress_lzss
	index: 1, handler: __TI_decompress_none


GLOBAL SYMBOLS: SORTED ALPHABETICALLY BY Name 

address   name                                       
-------   ----                                       
0000070f  ADC14_IRQHandler                           
0000070f  AES256_IRQHandler                          
0000070f  BusFault_Handler                           
00000849  C$$EXIT                                    
0000070f  COMP_E0_IRQHandler                         
0000070f  COMP_E1_IRQHandler                         
0000070f  CS_IRQHandler                              
0000070f  DMA_ERR_IRQHandler                         
0000070f  DMA_INT0_IRQHandler                        
0000070f  DMA_INT1_IRQHandler                        
0000070f  DMA_INT2_IRQHandler                        
0000070f  DMA_INT3_IRQHandler                        
0000070f  DebugMon_Handler                           
0000070f  Default_Handler                            
0000070f  EUSCIA0_IRQHandler                         
0000070f  EUSCIA1_IRQHandler                         
0000070f  EUSCIA2_IRQHandler                         
0000070f  EUSCIA3_IRQHandler                         
0000070f  EUSCIB0_IRQHandler                         
0000070f  EUSCIB1_IRQHandler                         
0000070f  EUSCIB2_IRQHandler                         
0000070f  EUSCIB3_IRQHandler                         
0000070f  FLCTL_IRQHandler                           
0000070f  FPU_IRQHandler                             
00000441  GPIO_setAsPeripheralModuleFunctionInputPin 
000004c9  GPIO_setAsPeripheralModuleFunctionOutputPin
0000070f  HardFault_Handler                          
0000070f  MemManage_Handler                          
0000070f  NMI_Handler                                
0000070f  PCM_IRQHandler                             
0000070f  PORT1_IRQHandler                           
0000070f  PORT2_IRQHandler                           
0000070f  PORT3_IRQHandler                           
0000070f  PORT4_IRQHandler                           
0000070f  PORT5_IRQHandler                           
0000070f  PORT6_IRQHandler                           
0000070f  PSS_IRQHandler                             
0000070f  PendSV_Handler                             
0000070f  RTC_C_IRQHandler                           
00000831  Reset_Handler                              
0000070f  SVC_Handler                                
0000070f  SysTick_Handler                            
00000551  SystemInit                                 
0000070f  T32_INT1_IRQHandler                        
0000070f  T32_INT2_IRQHandler                        
0000070f  T32_INTC_IRQHandler                        
0000070f  TA0_0_IRQHandler                           
0000070f  TA0_N_IRQHandler                           
0000070f  TA1_0_IRQHandler                           
0000070f  TA1_N_IRQHandler                           
0000070f  TA2_0_IRQHandler                           
0000070f  TA2_N_IRQHandler                           
0000070f  TA3_0_IRQHandler                           
0000070f  TA3_N_IRQHandler                           
000007bd  UARTCanSend                                
00000741  UARTGetChar                                
000007d9  UARTHasChar                                
000006dd  UARTPutChar                                
0000076d  UARTSetup                                  
0000080d  UART_enableModule                          
000007f5  UART_getInterruptStatus                    
000000e5  UART_initModule                            
00000711  UART_receiveData                           
00000675  UART_transmitData                          
0000070f  UsageFault_Handler                         
4000480c  WDTCTL_SYM                                 
0000070f  WDT_A_IRQHandler                           
00000799  WDT_A_holdTimer                            
20010000  __STACK_END                                
00000200  __STACK_SIZE                               
000008b8  __TI_CINIT_Base                            
000008c0  __TI_CINIT_Limit                           
000008a8  __TI_Handler_Table_Base                    
000008b0  __TI_Handler_Table_Limit                   
00000631  __TI_auto_init_nobinit_nopinit             
000005c9  __TI_decompress_lzss                       
00000823  __TI_decompress_none                       
ffffffff  __TI_pprof_out_hndl                        
ffffffff  __TI_prof_data_size                        
ffffffff  __TI_prof_data_start                       
00000000  __TI_static_base__                         
000003a5  __aeabi_memcpy                             
000003a5  __aeabi_memcpy4                            
000003a5  __aeabi_memcpy8                            
ffffffff  __binit__                                  
ffffffff  __c_args__                                 
UNDEFED   __mpu_init                                 
2000fe00  __stack                                    
000006a9  _c_int00_noargs                            
UNDEFED   _system_post_cinit                         
00000845  _system_pre_init                           
00000849  abort                                      
ffffffff  binit                                      
000002dd  charFSM                                    
0000083d  initBoard                                  
00000000  interruptVectors                           
00000201  main                                       
000003a5  memcpy                                     


GLOBAL SYMBOLS: SORTED BY Symbol Address 

address   name                                       
-------   ----                                       
00000000  __TI_static_base__                         
00000000  interruptVectors                           
000000e5  UART_initModule                            
00000200  __STACK_SIZE                               
00000201  main                                       
000002dd  charFSM                                    
000003a5  __aeabi_memcpy                             
000003a5  __aeabi_memcpy4                            
000003a5  __aeabi_memcpy8                            
000003a5  memcpy                                     
00000441  GPIO_setAsPeripheralModuleFunctionInputPin 
000004c9  GPIO_setAsPeripheralModuleFunctionOutputPin
00000551  SystemInit                                 
000005c9  __TI_decompress_lzss                       
00000631  __TI_auto_init_nobinit_nopinit             
00000675  UART_transmitData                          
000006a9  _c_int00_noargs                            
000006dd  UARTPutChar                                
0000070f  ADC14_IRQHandler                           
0000070f  AES256_IRQHandler                          
0000070f  BusFault_Handler                           
0000070f  COMP_E0_IRQHandler                         
0000070f  COMP_E1_IRQHandler                         
0000070f  CS_IRQHandler                              
0000070f  DMA_ERR_IRQHandler                         
0000070f  DMA_INT0_IRQHandler                        
0000070f  DMA_INT1_IRQHandler                        
0000070f  DMA_INT2_IRQHandler                        
0000070f  DMA_INT3_IRQHandler                        
0000070f  DebugMon_Handler                           
0000070f  Default_Handler                            
0000070f  EUSCIA0_IRQHandler                         
0000070f  EUSCIA1_IRQHandler                         
0000070f  EUSCIA2_IRQHandler                         
0000070f  EUSCIA3_IRQHandler                         
0000070f  EUSCIB0_IRQHandler                         
0000070f  EUSCIB1_IRQHandler                         
0000070f  EUSCIB2_IRQHandler                         
0000070f  EUSCIB3_IRQHandler                         
0000070f  FLCTL_IRQHandler                           
0000070f  FPU_IRQHandler                             
0000070f  HardFault_Handler                          
0000070f  MemManage_Handler                          
0000070f  NMI_Handler                                
0000070f  PCM_IRQHandler                             
0000070f  PORT1_IRQHandler                           
0000070f  PORT2_IRQHandler                           
0000070f  PORT3_IRQHandler                           
0000070f  PORT4_IRQHandler                           
0000070f  PORT5_IRQHandler                           
0000070f  PORT6_IRQHandler                           
0000070f  PSS_IRQHandler                             
0000070f  PendSV_Handler                             
0000070f  RTC_C_IRQHandler                           
0000070f  SVC_Handler                                
0000070f  SysTick_Handler                            
0000070f  T32_INT1_IRQHandler                        
0000070f  T32_INT2_IRQHandler                        
0000070f  T32_INTC_IRQHandler                        
0000070f  TA0_0_IRQHandler                           
0000070f  TA0_N_IRQHandler                           
0000070f  TA1_0_IRQHandler                           
0000070f  TA1_N_IRQHandler                           
0000070f  TA2_0_IRQHandler                           
0000070f  TA2_N_IRQHandler                           
0000070f  TA3_0_IRQHandler                           
0000070f  TA3_N_IRQHandler                           
0000070f  UsageFault_Handler                         
0000070f  WDT_A_IRQHandler                           
00000711  UART_receiveData                           
00000741  UARTGetChar                                
0000076d  UARTSetup                                  
00000799  WDT_A_holdTimer                            
000007bd  UARTCanSend                                
000007d9  UARTHasChar                                
000007f5  UART_getInterruptStatus                    
0000080d  UART_enableModule                          
00000823  __TI_decompress_none                       
00000831  Reset_Handler                              
0000083d  initBoard                                  
00000845  _system_pre_init                           
00000849  C$$EXIT                                    
00000849  abort                                      
000008a8  __TI_Handler_Table_Base                    
000008b0  __TI_Handler_Table_Limit                   
000008b8  __TI_CINIT_Base                            
000008c0  __TI_CINIT_Limit                           
2000fe00  __stack                                    
20010000  __STACK_END                                
4000480c  WDTCTL_SYM                                 
ffffffff  __TI_pprof_out_hndl                        
ffffffff  __TI_prof_data_size                        
ffffffff  __TI_prof_data_start                       
ffffffff  __binit__                                  
ffffffff  __c_args__                                 
ffffffff  binit                                      
UNDEFED   __mpu_init                                 
UNDEFED   _system_post_cinit                         

[98 symbols]
